23:32:20 **** Incremental Build of configuration Debug for project Lab5 ****
make -j4 all 
arm-none-eabi-gcc "../Core/Src/fsm.c" -mcpu=cortex-m3 -std=gnu11 -g3 -DDEBUG -DUSE_HAL_DRIVER -DSTM32F103x6 -c -I../Core/Inc -I../Drivers/STM32F1xx_HAL_Driver/Inc -I../Drivers/STM32F1xx_HAL_Driver/Inc/Legacy -I../Drivers/CMSIS/Device/ST/STM32F1xx/Include -I../Drivers/CMSIS/Include -O0 -ffunction-sections -fdata-sections -Wall -fstack-usage -MMD -MP -MF"Core/Src/fsm.d" -MT"Core/Src/fsm.o" --specs=nano.specs -mfloat-abi=soft -mthumb -o "Core/Src/fsm.o"
arm-none-eabi-gcc -o "Lab5.elf" @"objects.list"   -mcpu=cortex-m3 -T"E:\MCU-LAB5\Lab5\STM32F103C6UX_FLASH.ld" --specs=nosys.specs -Wl,-Map="Lab5.map" -Wl,--gc-sections -static --specs=nano.specs -mfloat-abi=soft -mthumb -Wl,--start-group -lc -lm -Wl,--end-group
Finished building target: Lab5.elf
 
arm-none-eabi-size   Lab5.elf 
arm-none-eabi-objdump -h -S  Lab5.elf  > "Lab5.list"
arm-none-eabi-objcopy  -O ihex  Lab5.elf  "Lab5.hex"
   text	   data	    bss	    dec	    hex	filename
  17048	    120	   1920	  19088	   4a90	Lab5.elf
Finished building: default.size.stdout
 
Finished building: Lab5.hex
 
Finished building: Lab5.list
 
